DEBUG: Connecting to MongoDB...
DEBUG: MongoDB initialized and connected.
DEBUG: MongoDB indexes verified.
DEBUG: Connecting to Redis...
DEBUG: Pinging Redis...
DEBUG: Redis connection failed: Timeout connecting to server
[WARNING] Redis not available - Timeout connecting to server
[WARNING] Rate limiting disabled
python : Traceback 
(most recent call 
last):
At line:1 char:1
+ python 
check_imports.py > 
error_log.txt 2>&1
+ ~~~~~~~~~~~~~~~~~~~
~~~~~~~~~~~~~~~~~~~~~
~~~~
    + CategoryInfo   
           : NotSpe  
  cified: (Traceba   
 ck (most recent     
call last)::Stri    
ng) [], RemoteEx    
ception
    + FullyQualified 
   ErrorId : Native  
  CommandError
 
  File "G:\MCA\sem 
4\multi Ai G+Agent 
content planner\backe
nd\check_imports.py",
 line 2, in <module>
    from app.main 
import app
  File "G:\MCA\sem 
4\multi Ai G+Agent 
content planner\backe
nd\app\main.py", 
line 9, in <module>
    from app.routers 
import auth, 
strategy, health
  File "G:\MCA\sem 
4\multi Ai G+Agent 
content planner\backe
nd\app\routers\auth.p
y", line 5, in 
<module>
    from 
app.core.security 
import 
get_password_hash, 
verify_password, 
create_access_token
ImportError: cannot 
import name 
'get_password_hash' 
from 
'app.core.security' 
(G:\MCA\sem 4\multi 
Ai G+Agent content pl
anner\backend\app\cor
e\security.py)

During handling of 
the above exception, 
another exception 
occurred:

Traceback (most 
recent call last):
  File "G:\MCA\sem 
4\multi Ai G+Agent 
content planner\backe
nd\check_imports.py",
 line 5, in <module>
    print(f"\u274c 
Import failed: {e}")
    ~~~~~^^^^^^^^^^^^
^^^^^^^^^^^^^^
  File "C:\Python313\
Lib\encodings\cp1252.
py", line 19, in 
encode
    return codecs.cha
rmap_encode(input,sel
f.errors,encoding_tab
le)[0]
           ~~~~~~~~~~
~~~~~~~~~~~^^^^^^^^^^
^^^^^^^^^^^^^^^^^^^^^
^^^
UnicodeEncodeError: 
'charmap' codec 
can't encode 
character '\u274c' 
in position 0: 
character maps to 
<undefined>
